
> artisan-launchpad@1.0.0 build
> next build

   Γû▓ Next.js 15.5.9
   - Environments: .env.local

node.exe : 
At line:1 char:1
+ & "C:\Program Files
\nodejs/node.exe" 
"C:\Program 
Files\nodejs/node_mo 
...
+ ~~~~~~~~~~~~~~~~~~~
~~~~~~~~~~~~~~~~~~~~~
~~~~~~~~~~~~~~~~~~~~~
~~~~~~~~
    + CategoryInfo   
           : NotSpe  
  cified: (:String   
 ) [], RemoteExce    
ption
    + FullyQualified 
   ErrorId : Native  
  CommandError
 
> Build error 
occurred
[Error: EINVAL: 
invalid argument, 
readlink 'C:\Users\sr
idh\OneDrive\Desktop\
artisan website\.next
\package.json'] {
  errno: -4071,
  code: 'EINVAL',
  syscall: 
'readlink',
  path: 'C:\\Users\\s
ridh\\OneDrive\\Deskt
op\\artisan website\\
.next\\package.json'
}
